<area shape="rect" href="$spf__dns_8h.html#fbe67bad14229383d7b56fbfb0ff4748" title="SPF_dns_lookup" alt="" coords="1367,143,1489,169">
<area shape="rect" href="$spf__dns__rr_8h.html#3e716a9332e139ea9f3f21e9c875b2e7" title="SPF_dns_rr_free" alt="" coords="1187,67,1309,93">
<area shape="rect" href="$spf__record_8h.html#3d7441eb8433c8bfd54e668248c47ead" title="SPF_macro_free" alt="" coords="251,117,376,144">
<area shape="rect" href="$spf__record_8h.html#f4afa8f9f53b97a0a62daf357fafe478" title="SPF_record_compile_macro" alt="" coords="215,168,412,195">
<area shape="rect" href="$spf__record_8h.html#412a278b1b5d50b870b5cef0f8af5a8e" title="SPF_record_expand_data" alt="" coords="461,219,645,245">
<area shape="rect" href="$spf__record_8h.html#15b6ae27bf7ee04904f978958a45575c" title="SPF_record_find_mod_value" alt="" coords="213,269,413,296">
<area shape="rect" href="$spf__response_8h.html#67dc8b6f83666afd6ea9f084422eea23" title="SPF_response_add_warn" alt="" coords="224,320,403,347">
<area shape="rect" href="$spf__internal_8h.html#5a9aa018d67a096b58d5e6b89b742deb" title="SPF_realloc" alt="" coords="751,143,844,169">
<area shape="rect" href="$spf__request_8h.html#fe9950135a21fe9fdf966793203581c1" title="SPF_request_get_client_dom" alt="" coords="695,193,900,220">
<area shape="rect" href="$spf__request_8h.html#483ce022b0af636a4554d22d0622b890" title="SPF_request_get_rec_dom" alt="" coords="701,244,893,271">
<area shape="rect" href="$spf__dns_8h.html#b0d6c1e2b2736016e96afe15f6f59be7" title="SPF_dns_get_client_dom" alt="" coords="951,168,1129,195">
<area shape="rect" href="$spf__dns_8h.html#330c23a8c88a9c3dd9d8db3527831bf9" title="SPF_dns_rlookup" alt="" coords="1184,168,1312,195">
<area shape="rect" href="$spf__dns_8h.html#163068595d2b1070dd124124fa3cd931" title="SPF_dns_rlookup6" alt="" coords="1180,219,1316,245">
