<area shape="rect" href="$spf__response_8h.html" title="src/include/spf_response.h" alt="" coords="781,84,971,111">
<area shape="rect" href="$spf__record_8h.html" title="src/include/spf_record.h" alt="" coords="617,162,788,188">
<area shape="rect" href="$spf_8h.html" title="src/include/spf.h" alt="" coords="2167,316,2289,343">
<area shape="rect" href="$spf__request_8c.html" title="src/libspf2/spf_request.c" alt="" coords="2773,394,2949,420">
<area shape="rect" href="$spf__dns_8h.html" title="src/include/spf_dns.h" alt="" coords="3625,162,3780,188">
<area shape="rect" href="$spf__compile_8c.html" title="src/libspf2/spf_compile.c" alt="" coords="5,394,181,420">
<area shape="rect" href="$spf__response_8c.html" title="src/libspf2/spf_response.c" alt="" coords="784,394,968,420">
<area shape="rect" href="$spf__server_8c.html" title="src/libspf2/spf_server.c" alt="" coords="595,394,760,420">
<area shape="rect" href="$spf__server_8h.html" title="src/include/spf_server.h" alt="" coords="913,239,1084,266">
<area shape="rect" href="$spf__expand_8c.html" title="Expansion routine for SPF macros." alt="" coords="397,394,571,420">
<area shape="rect" href="$spf__record_8c.html" title="src/libspf2/spf_record.c" alt="" coords="205,394,373,420">
<area shape="rect" href="$spf__internal_8h.html" title="src/include/spf_internal.h" alt="" coords="1937,316,2116,343">
<area shape="rect" href="$spf__interpret_8c.html" title="src/libspf2/spf_interpret.c" alt="" coords="992,394,1173,420">
<area shape="rect" href="$spf__dns_8c.html" title="src/libspf2/spf_dns.c" alt="" coords="3184,394,3333,420">
<area shape="rect" href="$spf__dns__cache_8c.html" title="src/libspf2/spf_dns_cache.c" alt="" coords="3957,394,4152,420">
<area shape="rect" href="$spf__dns__null_8c.html" title="src/libspf2/spf_dns_null.c" alt="" coords="3755,394,3933,420">
<area shape="rect" href="$spf__dns__resolv_8c.html" title="A DNS resolver which uses libresolv/libbind to query a DNS server." alt="" coords="4176,394,4368,420">
<area shape="rect" href="$spf__dns__rr_8c.html" title="src/libspf2/spf_dns_rr.c" alt="" coords="4392,394,4557,420">
<area shape="rect" href="$spf__dns__test_8c.html" title="src/libspf2/spf_dns_test.c" alt="" coords="4581,394,4763,420">
<area shape="rect" href="$spf__dns__zone_8c.html" title="src/libspf2/spf_dns_zone.c" alt="" coords="2973,394,3160,420">
<area shape="rect" href="$spf__get__exp_8c.html" title="src/libspf2/spf_get_exp.c" alt="" coords="3357,394,3533,420">
<area shape="rect" href="$spf__get__spf_8c.html" title="src/libspf2/spf_get_spf.c" alt="" coords="3557,394,3731,420">
<area shape="rect" href="$spf__id2str_8c.html" title="src/libspf2/spf_id2str.c" alt="" coords="1771,394,1931,420">
<area shape="rect" href="$spf__log_8c.html" title="src/libspf2/spf_log.c" alt="" coords="1955,394,2099,420">
<area shape="rect" href="$spf__log__default_8c.html" title="src/libspf2/spf_log_default.c" alt="" coords="1197,394,1392,420">
<area shape="rect" href="$spf__log__stdio_8c.html" title="src/libspf2/spf_log_stdio.c" alt="" coords="2123,394,2307,420">
<area shape="rect" href="$spf__print_8c.html" title="src/libspf2/spf_print.c" alt="" coords="1416,394,1571,420">
<area shape="rect" href="$spf__strerror_8c.html" title="src/libspf2/spf_strerror.c" alt="" coords="2331,394,2504,420">
<area shape="rect" href="$spf__utils_8c.html" title="src/libspf2/spf_utils.c" alt="" coords="1595,394,1747,420">
<area shape="rect" href="$spf__example_8c.html" title="src/spf_example/spf_example.c" alt="" coords="2528,394,2749,420">
<area shape="rect" href="$spfd_8c.html" title="src/spfd/spfd.c" alt="" coords="4957,394,5069,420">
<area shape="rect" href="$spfquery_8c.html" title="src/spfquery/spfquery.c" alt="" coords="5093,394,5261,420">
<area shape="rect" href="$spftest_8c.html" title="src/spftest/spftest.c" alt="" coords="4787,394,4933,420">
<area shape="rect" href="$spf__dns__rr_8h.html" title="src/include/spf_dns_rr.h" alt="" coords="3983,239,4153,266">
<area shape="rect" href="$spf__dns__internal_8h.html" title="src/include/spf_dns_internal.h" alt="" coords="3599,316,3807,343">
<area shape="rect" href="$spf__dns__test_8h.html" title="A testing layer for DNS." alt="" coords="4767,316,4953,343">
