<area shape="rect" href="$spf__dns_8h.html#fbe67bad14229383d7b56fbfb0ff4748" title="SPF_dns_lookup" alt="" coords="1169,47,1292,74">
<area shape="rect" href="$spf__dns_8h.html#330c23a8c88a9c3dd9d8db3527831bf9" title="SPF_dns_rlookup" alt="" coords="940,148,1068,175">
<area shape="rect" href="$spf__dns_8h.html#163068595d2b1070dd124124fa3cd931" title="SPF_dns_rlookup6" alt="" coords="936,47,1072,74">
<area shape="rect" href="$spf__dns__rr_8h.html#3e716a9332e139ea9f3f21e9c875b2e7" title="SPF_dns_rr_free" alt="" coords="943,250,1065,276">
<area shape="rect" href="$spf__record_8h.html#412a278b1b5d50b870b5cef0f8af5a8e" title="SPF_record_expand_data" alt="" coords="211,174,395,200">
<area shape="rect" href="$spf__record_8h.html#e2d1c3814e55d8bc6bebafea5b9d7864" title="SPF_record_free" alt="" coords="240,402,365,428">
<area shape="rect" href="$spf__request_8h.html#ad64f8b7b06d24af5975a68519f8abf4" title="SPF_request_is_loopback" alt="" coords="212,452,393,479">
<area shape="rect" href="$spf__response_8h.html#18147aee1b4b32a3e809f85a7b2d6927" title="SPF_response_errcode" alt="" coords="219,503,387,530">
<area shape="rect" href="$spf__response_8h.html#94a7f8025af5777db9a649cbf5d1cb41" title="SPF_response_free" alt="" coords="231,554,375,580">
<area shape="rect" href="$spf__response_8h.html#88862063239a369010bf2cfaac2bbe29" title="SPF_response_new" alt="" coords="231,604,375,631">
<area shape="rect" href="$spf__response_8h.html#ee31b32a5b9bd2714d2b34fde0acb2c8" title="SPF_response_result" alt="" coords="225,655,380,682">
<area shape="rect" href="$spf__server_8h.html#9a8dc407f63649eafd227ede6bc103ed" title="SPF_server_get_record" alt="" coords="705,351,873,378">
<area shape="rect" href="$spf_8h.html#e6faafd041fac0c918f3e3f2725bf019" title="SPF_strerror" alt="" coords="253,706,352,732">
<area shape="rect" href="$spf_8h.html#929c69f5916e90f8c90b68ff6515fe5e" title="SPF_strreason" alt="" coords="247,756,359,783">
<area shape="rect" href="$spf_8h.html#30bbb96f9818ce05a112918b6a15117e" title="SPF_strresult" alt="" coords="251,807,355,834">
<area shape="rect" href="$spf__internal_8h.html#5a9aa018d67a096b58d5e6b89b742deb" title="SPF_realloc" alt="" coords="500,199,593,226">
<area shape="rect" href="$spf__request_8h.html#fe9950135a21fe9fdf966793203581c1" title="SPF_request_get_client_dom" alt="" coords="444,148,649,175">
<area shape="rect" href="$spf__request_8h.html#483ce022b0af636a4554d22d0622b890" title="SPF_request_get_rec_dom" alt="" coords="451,98,643,124">
<area shape="rect" href="$spf__dns_8h.html#b0d6c1e2b2736016e96afe15f6f59be7" title="SPF_dns_get_client_dom" alt="" coords="700,148,879,175">
<area shape="rect" href="$spf__record_8h.html#b2d1a6a0420741ad6c0e0014682c8ffd" title="SPF_record_compile" alt="" coords="929,351,1079,378">
<area shape="rect" href="$spf__response_8h.html#78f83694c854d612a2b55572cc4f6622" title="SPF_response_add_error" alt="" coords="1141,554,1320,580">
<area shape="rect" href="$strncasecmp_8c.html#12c9dcd2801be00cd50ca3f2c00bdf52" title="strncasecmp" alt="" coords="1179,503,1283,530">
<area shape="rect" href="$spf__response_8h.html#e1f815031d5d04988ec16cbd73ba1aa7" title="SPF_error_code" alt="" coords="1171,98,1291,124">
<area shape="rect" href="$spf__response_8h.html#cd89fbc40af74f47f36b776c11457d65" title="SPF_error_errorp" alt="" coords="1167,148,1295,175">
<area shape="rect" href="$spf__record_8h.html#b1772bbfae9aa41e65bc636e5a78056d" title="SPF_record_new" alt="" coords="1168,199,1293,226">
<area shape="rect" href="$spf__response_8h.html#5fc0db921257e3e76790424541d37ce2" title="SPF_response_add_error_ptr" alt="" coords="1128,250,1333,276">
<area shape="rect" href="$spf__response_8h.html#3b804e2a9c4d50472f9ce0ea9ffa5b4d" title="SPF_response_add_warn_ptr" alt="" coords="1129,300,1332,327">
<area shape="rect" href="$spf__response_8h.html#f53630dbc7f862eb8b50dcfbbcde8427" title="SPF_response_errors" alt="" coords="1153,351,1308,378">
<area shape="rect" href="$spf__response_8h.html#64134529bfd6f39a2f53b2f72ae9efce" title="SPF_response_message" alt="" coords="1143,402,1319,428">
<area shape="rect" href="$spf__response_8h.html#b2f30c1dfe333ea7a39c763d9b601da4" title="SPF_response_messages" alt="" coords="1139,452,1323,479">
