<area shape="rect" href="$spf__request_8h.html#823e06db99cd6fbf2efd3d12f42ab106" title="SPF_i_done" alt="" coords="288,182,381,209">
<area shape="rect" href="$spf__record_8h.html#b2d1a6a0420741ad6c0e0014682c8ffd" title="SPF_record_compile" alt="" coords="260,233,409,260">
<area shape="rect" href="$spf__request_8h.html#ad64f8b7b06d24af5975a68519f8abf4" title="SPF_request_is_loopback" alt="" coords="244,284,425,310">
<area shape="rect" href="$spf__response_8h.html#88862063239a369010bf2cfaac2bbe29" title="SPF_response_new" alt="" coords="263,334,407,361">
<area shape="rect" href="$spf__response_8h.html#e1f815031d5d04988ec16cbd73ba1aa7" title="SPF_error_code" alt="" coords="517,5,637,32">
<area shape="rect" href="$spf__response_8h.html#cd89fbc40af74f47f36b776c11457d65" title="SPF_error_errorp" alt="" coords="513,56,641,82">
<area shape="rect" href="$spf__record_8h.html#b1772bbfae9aa41e65bc636e5a78056d" title="SPF_record_new" alt="" coords="515,106,640,133">
<area shape="rect" href="$spf__response_8h.html#78f83694c854d612a2b55572cc4f6622" title="SPF_response_add_error" alt="" coords="488,157,667,184">
<area shape="rect" href="$spf__response_8h.html#5fc0db921257e3e76790424541d37ce2" title="SPF_response_add_error_ptr" alt="" coords="475,208,680,234">
<area shape="rect" href="$spf__response_8h.html#3b804e2a9c4d50472f9ce0ea9ffa5b4d" title="SPF_response_add_warn_ptr" alt="" coords="476,258,679,285">
<area shape="rect" href="$spf__response_8h.html#f53630dbc7f862eb8b50dcfbbcde8427" title="SPF_response_errors" alt="" coords="500,309,655,336">
<area shape="rect" href="$spf__response_8h.html#64134529bfd6f39a2f53b2f72ae9efce" title="SPF_response_message" alt="" coords="489,360,665,386">
<area shape="rect" href="$spf__response_8h.html#b2f30c1dfe333ea7a39c763d9b601da4" title="SPF_response_messages" alt="" coords="485,410,669,437">
<area shape="rect" href="$strncasecmp_8c.html#12c9dcd2801be00cd50ca3f2c00bdf52" title="strncasecmp" alt="" coords="525,461,629,488">
