<area shape="rect" href="$spf__dns_8h.html#fbe67bad14229383d7b56fbfb0ff4748" title="SPF_dns_lookup" alt="" coords="1345,363,1468,390">
<area shape="rect" href="$spf__dns_8h.html#330c23a8c88a9c3dd9d8db3527831bf9" title="SPF_dns_rlookup" alt="" coords="1163,388,1291,415">
<area shape="rect" href="$spf__dns_8h.html#163068595d2b1070dd124124fa3cd931" title="SPF_dns_rlookup6" alt="" coords="1159,287,1295,314">
<area shape="rect" href="$spf__dns__rr_8h.html#3e716a9332e139ea9f3f21e9c875b2e7" title="SPF_dns_rr_free" alt="" coords="1165,819,1288,846">
<area shape="rect" href="$spf__record_8h.html#412a278b1b5d50b870b5cef0f8af5a8e" title="SPF_record_expand_data" alt="" coords="416,135,600,162">
<area shape="rect" href="$spf__record_8h.html#e2d1c3814e55d8bc6bebafea5b9d7864" title="SPF_record_free" alt="" coords="445,236,571,263">
<area shape="rect" href="$spf__record_8h.html#974873aedf7fada6e6efbe79b7b16ea3" title="SPF_record_interpret" alt="" coords="212,540,367,567">
<area shape="rect" href="$spf__request_8h.html#ad64f8b7b06d24af5975a68519f8abf4" title="SPF_request_is_loopback" alt="" coords="417,287,599,314">
<area shape="rect" href="$spf__response_8h.html#18147aee1b4b32a3e809f85a7b2d6927" title="SPF_response_errcode" alt="" coords="424,338,592,364">
<area shape="rect" href="$spf__response_8h.html#94a7f8025af5777db9a649cbf5d1cb41" title="SPF_response_free" alt="" coords="436,642,580,668">
<area shape="rect" href="$spf__response_8h.html#88862063239a369010bf2cfaac2bbe29" title="SPF_response_new" alt="" coords="436,692,580,719">
<area shape="rect" href="$spf__response_8h.html#ee31b32a5b9bd2714d2b34fde0acb2c8" title="SPF_response_result" alt="" coords="431,743,585,770">
<area shape="rect" href="$spf__server_8h.html#9a8dc407f63649eafd227ede6bc103ed" title="SPF_server_get_record" alt="" coords="424,591,592,618">
<area shape="rect" href="$spf_8h.html#e6faafd041fac0c918f3e3f2725bf019" title="SPF_strerror" alt="" coords="459,794,557,820">
<area shape="rect" href="$spf_8h.html#929c69f5916e90f8c90b68ff6515fe5e" title="SPF_strreason" alt="" coords="452,844,564,871">
<area shape="rect" href="$spf_8h.html#30bbb96f9818ce05a112918b6a15117e" title="SPF_strresult" alt="" coords="456,895,560,922">
<area shape="rect" href="$spf__internal_8h.html#5a9aa018d67a096b58d5e6b89b742deb" title="SPF_realloc" alt="" coords="705,186,799,212">
<area shape="rect" href="$spf__request_8h.html#fe9950135a21fe9fdf966793203581c1" title="SPF_request_get_client_dom" alt="" coords="649,243,855,270">
<area shape="rect" href="$spf__request_8h.html#483ce022b0af636a4554d22d0622b890" title="SPF_request_get_rec_dom" alt="" coords="656,135,848,162">
<area shape="rect" href="$spf__dns_8h.html#b0d6c1e2b2736016e96afe15f6f59be7" title="SPF_dns_get_client_dom" alt="" coords="917,338,1096,364">
<area shape="rect" href="$spf__record_8h.html#b2d1a6a0420741ad6c0e0014682c8ffd" title="SPF_record_compile" alt="" coords="677,794,827,820">
<area shape="rect" href="$spf__response_8h.html#78f83694c854d612a2b55572cc4f6622" title="SPF_response_add_error" alt="" coords="917,1047,1096,1074">
<area shape="rect" href="$strncasecmp_8c.html#12c9dcd2801be00cd50ca3f2c00bdf52" title="strncasecmp" alt="" coords="955,996,1059,1023">
<area shape="rect" href="$spf__response_8h.html#e1f815031d5d04988ec16cbd73ba1aa7" title="SPF_error_code" alt="" coords="947,642,1067,668">
<area shape="rect" href="$spf__response_8h.html#cd89fbc40af74f47f36b776c11457d65" title="SPF_error_errorp" alt="" coords="943,692,1071,719">
<area shape="rect" href="$spf__record_8h.html#b1772bbfae9aa41e65bc636e5a78056d" title="SPF_record_new" alt="" coords="944,743,1069,770">
<area shape="rect" href="$spf__response_8h.html#5fc0db921257e3e76790424541d37ce2" title="SPF_response_add_error_ptr" alt="" coords="904,794,1109,820">
<area shape="rect" href="$spf__response_8h.html#3b804e2a9c4d50472f9ce0ea9ffa5b4d" title="SPF_response_add_warn_ptr" alt="" coords="905,844,1108,871">
<area shape="rect" href="$spf__response_8h.html#f53630dbc7f862eb8b50dcfbbcde8427" title="SPF_response_errors" alt="" coords="929,895,1084,922">
<area shape="rect" href="$spf__response_8h.html#64134529bfd6f39a2f53b2f72ae9efce" title="SPF_response_message" alt="" coords="919,946,1095,972">
<area shape="rect" href="$spf__response_8h.html#b2f30c1dfe333ea7a39c763d9b601da4" title="SPF_response_messages" alt="" coords="915,591,1099,618">
