<area shape="rect" href="$getopt_8h.html#c07930413317507d5c51c19b3ac6ed20" title="getopt_long_only" alt="" coords="172,56,303,82">
<area shape="rect" href="$spf_8h.html#b4ec6fdd9cd587cb5f787ca169b3c323" title="SPF_get_lib_version" alt="" coords="164,106,311,133">
<area shape="rect" href="$spf__request_8h.html#52637c9a9f82ffd481e2a64b78174402" title="SPF_request_new" alt="" coords="171,157,304,184">
<area shape="rect" href="$spf__request_8h.html#12f1759a708ae16b782e86406ce3c683" title="SPF_request_query_fallback" alt="" coords="137,258,337,285">
<area shape="rect" href="$spf__request_8h.html#e5bae4c0940f9610fb3e8f780d4342fe" title="SPF_request_query_mailfrom" alt="" coords="133,309,341,336">
<area shape="rect" href="$spf__request_8h.html#d426b5b2a48a40aa74e28646f7a37672" title="SPF_request_query_rcptto" alt="" coords="143,208,332,234">
<area shape="rect" href="$spf__request_8h.html#2558caeb4e6d593813b7f1bb56cf094d" title="SPF_request_set_env_from" alt="" coords="419,916,613,942">
<area shape="rect" href="$spf__request_8h.html#4be188439efe765c664a1e04c750f23f" title="SPF_request_set_helo_dom" alt="" coords="139,790,336,817">
<area shape="rect" href="$spf__request_8h.html#5330cf664d7629a5829f923b4134bd09" title="SPF_request_set_ipv4_str" alt="" coords="145,841,329,868">
<area shape="rect" href="$spf__request_8h.html#0ee56ed35c87763d5fc5a2e3adf7e43e" title="SPF_request_set_ipv6_str" alt="" coords="145,892,329,918">
<area shape="rect" href="$spf__response_8h.html#9fee78d3a4123e0ccfbbe5cf52628b73" title="SPF_response_combine" alt="" coords="151,993,324,1020">
<area shape="rect" href="$spf__response_8h.html#ee31b32a5b9bd2714d2b34fde0acb2c8" title="SPF_response_result" alt="" coords="439,1068,593,1094">
<area shape="rect" href="$spf__response_8h.html#12d74e854e08ea8b189bc93c3bc0e680" title="SPF_response_get_header_comment" alt="" coords="108,1044,367,1070">
<area shape="rect" href="$spf__response_8h.html#8a0163c142261390aa4a78bcdd482492" title="SPF_response_get_received_spf" alt="" coords="124,1094,351,1121">
<area shape="rect" href="$spf__response_8h.html#fb30413d6e8177063073ac8710501a7f" title="SPF_response_get_smtp_comment" alt="" coords="113,1145,361,1172">
<area shape="rect" href="$spf__server_8h.html#87f0543d5a62057272b9c71a332a53f0" title="SPF_server_free" alt="" coords="176,689,299,716">
<area shape="rect" href="$spf__server_8h.html#723e52a41a70b96cba3238b7eec2212e" title="SPF_server_new" alt="" coords="176,588,299,614">
<area shape="rect" href="$spf__server_8h.html#56126c078ad970b8868c6422be5d7339" title="SPF_server_set_explanation" alt="" coords="137,638,337,665">
<area shape="rect" href="$spf__server_8h.html#a9339ddf5e3a508af67836913c7ba009" title="SPF_server_set_localpolicy" alt="" coords="141,436,333,462">
<area shape="rect" href="$spf__server_8h.html#aef5473a7074680e3402032fc8ef17da" title="SPF_server_set_rec_dom" alt="" coords="147,1196,328,1222">
<area shape="rect" href="$spf__server_8h.html#a72f5f6ae638f019bf6a02f0e5f9d6cb" title="SPF_server_set_sanitize" alt="" coords="149,1246,325,1273">
<area shape="rect" href="$spfd_8c.html#e8605e2b78cd4a81b6c6b5c30cb7366a" title="usage" alt="" coords="208,1321,267,1348">
<area shape="rect" href="$spf__request_8h.html#823e06db99cd6fbf2efd3d12f42ab106" title="SPF_i_done" alt="" coords="469,182,563,209">
<area shape="rect" href="$spf__record_8h.html#b2d1a6a0420741ad6c0e0014682c8ffd" title="SPF_record_compile" alt="" coords="665,233,815,260">
<area shape="rect" href="$spf__request_8h.html#ad64f8b7b06d24af5975a68519f8abf4" title="SPF_request_is_loopback" alt="" coords="425,132,607,158">
<area shape="rect" href="$spf__response_8h.html#88862063239a369010bf2cfaac2bbe29" title="SPF_response_new" alt="" coords="444,284,588,310">
<area shape="rect" href="$spf__response_8h.html#e1f815031d5d04988ec16cbd73ba1aa7" title="SPF_error_code" alt="" coords="907,56,1027,82">
<area shape="rect" href="$spf__response_8h.html#cd89fbc40af74f47f36b776c11457d65" title="SPF_error_errorp" alt="" coords="903,106,1031,133">
<area shape="rect" href="$spf__record_8h.html#b1772bbfae9aa41e65bc636e5a78056d" title="SPF_record_new" alt="" coords="904,157,1029,184">
<area shape="rect" href="$spf__response_8h.html#78f83694c854d612a2b55572cc4f6622" title="SPF_response_add_error" alt="" coords="877,474,1056,501">
<area shape="rect" href="$spf__response_8h.html#5fc0db921257e3e76790424541d37ce2" title="SPF_response_add_error_ptr" alt="" coords="864,208,1069,234">
<area shape="rect" href="$spf__response_8h.html#3b804e2a9c4d50472f9ce0ea9ffa5b4d" title="SPF_response_add_warn_ptr" alt="" coords="865,258,1068,285">
<area shape="rect" href="$spf__response_8h.html#f53630dbc7f862eb8b50dcfbbcde8427" title="SPF_response_errors" alt="" coords="889,309,1044,336">
<area shape="rect" href="$spf__response_8h.html#64134529bfd6f39a2f53b2f72ae9efce" title="SPF_response_message" alt="" coords="879,360,1055,386">
<area shape="rect" href="$spf__response_8h.html#b2f30c1dfe333ea7a39c763d9b601da4" title="SPF_response_messages" alt="" coords="875,5,1059,32">
<area shape="rect" href="$strncasecmp_8c.html#12c9dcd2801be00cd50ca3f2c00bdf52" title="strncasecmp" alt="" coords="915,410,1019,437">
<area shape="rect" href="$spf__server_8h.html#9a8dc407f63649eafd227ede6bc103ed" title="SPF_server_get_record" alt="" coords="432,385,600,412">
<area shape="rect" href="$spf__dns_8h.html#fbe67bad14229383d7b56fbfb0ff4748" title="SPF_dns_lookup" alt="" coords="679,334,801,361">
<area shape="rect" href="$spf__dns__rr_8h.html#3e716a9332e139ea9f3f21e9c875b2e7" title="SPF_dns_rr_free" alt="" coords="905,601,1028,628">
<area shape="rect" href="$spf__request_8h.html#22b5604563f34fbf973a34900cde4a13" title="SPF_request_set_ipv4" alt="" coords="436,966,596,993">
<area shape="rect" href="$spf__request_8h.html#fb84991dee70cd75b9c7c0b5edcc01c1" title="SPF_request_set_ipv6" alt="" coords="436,1017,596,1044">
<area shape="rect" href="$spf__dns_8h.html#bec9d9eb3bf26c11e1cb12ba29bc8db0" title="SPF_dns_free" alt="" coords="463,865,569,892">
<area shape="rect" href="$spf__record_8h.html#3d7441eb8433c8bfd54e668248c47ead" title="SPF_macro_free" alt="" coords="453,790,579,817">
<area shape="rect" href="$spf__record_8h.html#e2d1c3814e55d8bc6bebafea5b9d7864" title="SPF_record_free" alt="" coords="453,486,579,513">
<area shape="rect" href="$spf__dns__cache_8h.html#c742ee179a4f7c53b1aad2a1b9da0122" title="SPF_dns_cache_new" alt="" coords="440,537,592,564">
<area shape="rect" href="$spf__dns__resolv_8h.html#cff7cbdf16c55af0b30f6f0f935dc31f" title="SPF_dns_resolv_new" alt="" coords="440,588,592,614">
<area shape="rect" href="$spf__dns__zone_8h.html#d6c289cbab3ad88b9f12cfb051b4ed5a" title="SPF_dns_zone_new" alt="" coords="444,689,588,716">
<area shape="rect" href="$spf__dns__rr_8h.html#22d16e14b39910af524669e4ddb731f0" title="SPF_dns_rr_new_init" alt="" coords="665,689,815,716">
<area shape="rect" href="$spf__record_8h.html#f4afa8f9f53b97a0a62daf357fafe478" title="SPF_record_compile_macro" alt="" coords="417,740,615,766">
