<area shape="rect" href="$spf__dns_8h.html#fbe67bad14229383d7b56fbfb0ff4748" title="SPF_dns_lookup" alt="" coords="348,54,471,81">
<area shape="rect" href="$spf__dns_8h.html#330c23a8c88a9c3dd9d8db3527831bf9" title="SPF_dns_rlookup" alt="" coords="119,80,247,106">
<area shape="rect" href="$spf__dns__rr_8h.html#3e716a9332e139ea9f3f21e9c875b2e7" title="SPF_dns_rr_free" alt="" coords="761,130,884,157">
<area shape="rect" href="$spf__response_8h.html#cd89fbc40af74f47f36b776c11457d65" title="SPF_error_errorp" alt="" coords="345,333,473,360">
<area shape="rect" href="$spf__response_8h.html#0802c5c9a7145f75ca1a7de09d223171" title="SPF_error_message" alt="" coords="108,762,257,789">
<area shape="rect" href="$spf_8h.html#b4ec6fdd9cd587cb5f787ca169b3c323" title="SPF_get_lib_version" alt="" coords="109,813,256,840">
<area shape="rect" href="$spf__record_8h.html#b2d1a6a0420741ad6c0e0014682c8ffd" title="SPF_record_compile" alt="" coords="108,560,257,586">
<area shape="rect" href="$spf__response_8h.html#f53630dbc7f862eb8b50dcfbbcde8427" title="SPF_response_errors" alt="" coords="332,688,487,714">
<area shape="rect" href="$spf__response_8h.html#64134529bfd6f39a2f53b2f72ae9efce" title="SPF_response_message" alt="" coords="321,738,497,765">
<area shape="rect" href="$spf__response_8h.html#b2f30c1dfe333ea7a39c763d9b601da4" title="SPF_response_messages" alt="" coords="317,789,501,816">
<area shape="rect" href="$spf__record_8h.html#e2d1c3814e55d8bc6bebafea5b9d7864" title="SPF_record_free" alt="" coords="347,840,472,866">
<area shape="rect" href="$spf__record_8h.html#23e3070faf833397247973356e044092" title="SPF_record_print" alt="" coords="119,965,247,992">
<area shape="rect" href="$spf_8h.html#e6faafd041fac0c918f3e3f2725bf019" title="SPF_strerror" alt="" coords="360,1066,459,1093">
<area shape="rect" href="$spf__request_8h.html#cfc5ee21d838c39258fa3bfb1c8797bf" title="SPF_request_free" alt="" coords="116,1066,249,1093">
<area shape="rect" href="$spf__request_8h.html#52637c9a9f82ffd481e2a64b78174402" title="SPF_request_new" alt="" coords="116,1117,249,1144">
<area shape="rect" href="$spf__response_8h.html#94a7f8025af5777db9a649cbf5d1cb41" title="SPF_response_free" alt="" coords="111,1168,255,1194">
<area shape="rect" href="$spf__response_8h.html#88862063239a369010bf2cfaac2bbe29" title="SPF_response_new" alt="" coords="111,1218,255,1245">
<area shape="rect" href="$spf__server_8h.html#87f0543d5a62057272b9c71a332a53f0" title="SPF_server_free" alt="" coords="121,914,244,941">
<area shape="rect" href="$spf__server_8h.html#723e52a41a70b96cba3238b7eec2212e" title="SPF_server_new" alt="" coords="121,269,244,296">
<area shape="rect" href="$spfd_8c.html#e8605e2b78cd4a81b6c6b5c30cb7366a" title="usage" alt="" coords="153,1293,212,1320">
<area shape="rect" href="$spf__response_8h.html#e1f815031d5d04988ec16cbd73ba1aa7" title="SPF_error_code" alt="" coords="349,384,469,410">
<area shape="rect" href="$spf__record_8h.html#b1772bbfae9aa41e65bc636e5a78056d" title="SPF_record_new" alt="" coords="347,434,472,461">
<area shape="rect" href="$spf__response_8h.html#78f83694c854d612a2b55572cc4f6622" title="SPF_response_add_error" alt="" coords="320,485,499,512">
<area shape="rect" href="$spf__response_8h.html#5fc0db921257e3e76790424541d37ce2" title="SPF_response_add_error_ptr" alt="" coords="307,536,512,562">
<area shape="rect" href="$spf__response_8h.html#3b804e2a9c4d50472f9ce0ea9ffa5b4d" title="SPF_response_add_warn_ptr" alt="" coords="308,586,511,613">
<area shape="rect" href="$strncasecmp_8c.html#12c9dcd2801be00cd50ca3f2c00bdf52" title="strncasecmp" alt="" coords="357,637,461,664">
<area shape="rect" href="$spf__record_8h.html#669d2cbf8d92f7db3eb463cf1bb6023a" title="SPF_record_stringify" alt="" coords="335,1016,484,1042">
<area shape="rect" href="$spf__internal_8h.html#5a9aa018d67a096b58d5e6b89b742deb" title="SPF_realloc" alt="" coords="589,1016,683,1042">
<area shape="rect" href="$spf__dns_8h.html#bec9d9eb3bf26c11e1cb12ba29bc8db0" title="SPF_dns_free" alt="" coords="356,914,463,941">
<area shape="rect" href="$spf__record_8h.html#3d7441eb8433c8bfd54e668248c47ead" title="SPF_macro_free" alt="" coords="347,965,472,992">
<area shape="rect" href="$spf__dns__cache_8h.html#c742ee179a4f7c53b1aad2a1b9da0122" title="SPF_dns_cache_new" alt="" coords="333,232,485,258">
<area shape="rect" href="$spf__dns__resolv_8h.html#cff7cbdf16c55af0b30f6f0f935dc31f" title="SPF_dns_resolv_new" alt="" coords="333,282,485,309">
<area shape="rect" href="$spf__dns__zone_8h.html#d6c289cbab3ad88b9f12cfb051b4ed5a" title="SPF_dns_zone_new" alt="" coords="337,181,481,208">
<area shape="rect" href="$spf__dns__rr_8h.html#22d16e14b39910af524669e4ddb731f0" title="SPF_dns_rr_new_init" alt="" coords="561,181,711,208">
<area shape="rect" href="$spf__dns__rr_8h.html#5bdefbae7a3574a872b2cb27a9b6c945" title="SPF_dns_rr_new" alt="" coords="761,181,884,208">
